Archive member included to satisfy reference by file (symbol)

/opt/devkitpro/devkitARM/bin/../lib/gcc/arm-none-eabi/8.2.0/thumb/libgcc.a(_udivsi3.o)
                              main.o (__aeabi_uidivmod)
/opt/devkitpro/devkitARM/bin/../lib/gcc/arm-none-eabi/8.2.0/thumb/libgcc.a(_divsi3.o)
                              main.o (__aeabi_idivmod)
/opt/devkitpro/devkitARM/bin/../lib/gcc/arm-none-eabi/8.2.0/thumb/libgcc.a(_dvmd_tls.o)
                              /opt/devkitpro/devkitARM/bin/../lib/gcc/arm-none-eabi/8.2.0/thumb/libgcc.a(_udivsi3.o) (__aeabi_idiv0)
/opt/devkitpro/devkitARM/bin/../lib/gcc/arm-none-eabi/8.2.0/../../../../arm-none-eabi/lib/thumb/libg.a(lib_a-init.o)
                              /opt/devkitpro/devkitARM/bin/../lib/gcc/arm-none-eabi/8.2.0/../../../../arm-none-eabi/lib/thumb/gba_crt0.o (__libc_init_array)
/opt/devkitpro/devkitARM/bin/../lib/gcc/arm-none-eabi/8.2.0/../../../../arm-none-eabi/lib/thumb/libg.a(lib_a-memcpy-stub.o)
                              main.o (memcpy)
/opt/devkitpro/devkitARM/bin/../lib/gcc/arm-none-eabi/8.2.0/../../../../arm-none-eabi/lib/thumb/libsysbase.a(malloc_vars.o)
                              /opt/devkitpro/devkitARM/bin/../lib/gcc/arm-none-eabi/8.2.0/../../../../arm-none-eabi/lib/thumb/gba_crt0.o (fake_heap_end)

Allocating common symbols
Common symbol       size              file

oam_object_backbuffer
                    0x400             main.o

Discarded input sections

 .text          0x0000000000000000        0x0 /opt/devkitpro/devkitARM/bin/../lib/gcc/arm-none-eabi/8.2.0/../../../../arm-none-eabi/lib/thumb/gba_crt0.o
 .data          0x0000000000000000        0x0 /opt/devkitpro/devkitARM/bin/../lib/gcc/arm-none-eabi/8.2.0/../../../../arm-none-eabi/lib/thumb/gba_crt0.o
 .bss           0x0000000000000000        0x0 /opt/devkitpro/devkitARM/bin/../lib/gcc/arm-none-eabi/8.2.0/../../../../arm-none-eabi/lib/thumb/gba_crt0.o
 .text          0x0000000000000000        0x0 /opt/devkitpro/devkitARM/bin/../lib/gcc/arm-none-eabi/8.2.0/thumb/crti.o
 .data          0x0000000000000000        0x0 /opt/devkitpro/devkitARM/bin/../lib/gcc/arm-none-eabi/8.2.0/thumb/crti.o
 .bss           0x0000000000000000        0x0 /opt/devkitpro/devkitARM/bin/../lib/gcc/arm-none-eabi/8.2.0/thumb/crti.o
 .text          0x0000000000000000        0x0 /opt/devkitpro/devkitARM/bin/../lib/gcc/arm-none-eabi/8.2.0/thumb/crtbegin.o
 .data          0x0000000000000000        0x0 /opt/devkitpro/devkitARM/bin/../lib/gcc/arm-none-eabi/8.2.0/thumb/crtbegin.o
 .bss           0x0000000000000000        0x0 /opt/devkitpro/devkitARM/bin/../lib/gcc/arm-none-eabi/8.2.0/thumb/crtbegin.o
 .data.__dso_handle
                0x0000000000000000        0x4 /opt/devkitpro/devkitARM/bin/../lib/gcc/arm-none-eabi/8.2.0/thumb/crtbegin.o
 .text          0x0000000000000000        0x0 charsprites.o
 .data          0x0000000000000000        0x0 charsprites.o
 .bss           0x0000000000000000        0x0 charsprites.o
 .text          0x0000000000000000      0x154 main.o
 .bss           0x0000000000000000        0x0 main.o
 .rodata        0x0000000000000000       0x10 main.o
 .text          0x0000000000000000      0x11c /opt/devkitpro/devkitARM/bin/../lib/gcc/arm-none-eabi/8.2.0/thumb/libgcc.a(_udivsi3.o)
 .data          0x0000000000000000        0x0 /opt/devkitpro/devkitARM/bin/../lib/gcc/arm-none-eabi/8.2.0/thumb/libgcc.a(_udivsi3.o)
 .bss           0x0000000000000000        0x0 /opt/devkitpro/devkitARM/bin/../lib/gcc/arm-none-eabi/8.2.0/thumb/libgcc.a(_udivsi3.o)
 .ARM.attributes
                0x0000000000000000       0x1c /opt/devkitpro/devkitARM/bin/../lib/gcc/arm-none-eabi/8.2.0/thumb/libgcc.a(_udivsi3.o)
 .data          0x0000000000000000        0x0 /opt/devkitpro/devkitARM/bin/../lib/gcc/arm-none-eabi/8.2.0/thumb/libgcc.a(_divsi3.o)
 .bss           0x0000000000000000        0x0 /opt/devkitpro/devkitARM/bin/../lib/gcc/arm-none-eabi/8.2.0/thumb/libgcc.a(_divsi3.o)
 .data          0x0000000000000000        0x0 /opt/devkitpro/devkitARM/bin/../lib/gcc/arm-none-eabi/8.2.0/thumb/libgcc.a(_dvmd_tls.o)
 .bss           0x0000000000000000        0x0 /opt/devkitpro/devkitARM/bin/../lib/gcc/arm-none-eabi/8.2.0/thumb/libgcc.a(_dvmd_tls.o)
 .text          0x0000000000000000        0x0 /opt/devkitpro/devkitARM/bin/../lib/gcc/arm-none-eabi/8.2.0/../../../../arm-none-eabi/lib/thumb/libg.a(lib_a-init.o)
 .data          0x0000000000000000        0x0 /opt/devkitpro/devkitARM/bin/../lib/gcc/arm-none-eabi/8.2.0/../../../../arm-none-eabi/lib/thumb/libg.a(lib_a-init.o)
 .bss           0x0000000000000000        0x0 /opt/devkitpro/devkitARM/bin/../lib/gcc/arm-none-eabi/8.2.0/../../../../arm-none-eabi/lib/thumb/libg.a(lib_a-init.o)
 .text          0x0000000000000000        0x0 /opt/devkitpro/devkitARM/bin/../lib/gcc/arm-none-eabi/8.2.0/../../../../arm-none-eabi/lib/thumb/libg.a(lib_a-memcpy-stub.o)
 .data          0x0000000000000000        0x0 /opt/devkitpro/devkitARM/bin/../lib/gcc/arm-none-eabi/8.2.0/../../../../arm-none-eabi/lib/thumb/libg.a(lib_a-memcpy-stub.o)
 .bss           0x0000000000000000        0x0 /opt/devkitpro/devkitARM/bin/../lib/gcc/arm-none-eabi/8.2.0/../../../../arm-none-eabi/lib/thumb/libg.a(lib_a-memcpy-stub.o)
 .text          0x0000000000000000        0x0 /opt/devkitpro/devkitARM/bin/../lib/gcc/arm-none-eabi/8.2.0/../../../../arm-none-eabi/lib/thumb/libsysbase.a(malloc_vars.o)
 .data          0x0000000000000000        0x0 /opt/devkitpro/devkitARM/bin/../lib/gcc/arm-none-eabi/8.2.0/../../../../arm-none-eabi/lib/thumb/libsysbase.a(malloc_vars.o)
 .bss           0x0000000000000000        0x0 /opt/devkitpro/devkitARM/bin/../lib/gcc/arm-none-eabi/8.2.0/../../../../arm-none-eabi/lib/thumb/libsysbase.a(malloc_vars.o)
 .bss.fake_heap_start
                0x0000000000000000        0x4 /opt/devkitpro/devkitARM/bin/../lib/gcc/arm-none-eabi/8.2.0/../../../../arm-none-eabi/lib/thumb/libsysbase.a(malloc_vars.o)
 .text          0x0000000000000000        0x0 /opt/devkitpro/devkitARM/bin/../lib/gcc/arm-none-eabi/8.2.0/thumb/crtend.o
 .data          0x0000000000000000        0x0 /opt/devkitpro/devkitARM/bin/../lib/gcc/arm-none-eabi/8.2.0/thumb/crtend.o
 .bss           0x0000000000000000        0x0 /opt/devkitpro/devkitARM/bin/../lib/gcc/arm-none-eabi/8.2.0/thumb/crtend.o
 .text          0x0000000000000000        0x0 /opt/devkitpro/devkitARM/bin/../lib/gcc/arm-none-eabi/8.2.0/thumb/crtn.o
 .data          0x0000000000000000        0x0 /opt/devkitpro/devkitARM/bin/../lib/gcc/arm-none-eabi/8.2.0/thumb/crtn.o
 .bss           0x0000000000000000        0x0 /opt/devkitpro/devkitARM/bin/../lib/gcc/arm-none-eabi/8.2.0/thumb/crtn.o

Memory Configuration

Name             Origin             Length             Attributes
rom              0x0000000008000000 0x0000000002000000
iwram            0x0000000003000000 0x0000000000008000
ewram            0x0000000002000000 0x0000000000040000
*default*        0x0000000000000000 0xffffffffffffffff

Linker script and memory map

                0x0000000002000000                __text_start = ORIGIN (ewram)
                0x0000000002040000                __eheap_end = (ORIGIN (ewram) + LENGTH (ewram))
                0x0000000003000000                __iwram_start = ORIGIN (iwram)
                0x0000000003008000                __iwram_top = (ORIGIN (iwram) + LENGTH (iwram))
                0x0000000003007fa0                __sp_irq = (__iwram_top - 0x60)
                0x0000000003007f00                __sp_usr = (__sp_irq - 0xa0)
                0x0000000003007ff8                __irq_flags = 0x3007ff8
                0x0000000002000000                . = __text_start
                0x0000000002000000                . = __text_start

.crt0           0x0000000002000000      0x210
 *(.crt0)
 .crt0          0x0000000002000000      0x210 /opt/devkitpro/devkitARM/bin/../lib/gcc/arm-none-eabi/8.2.0/../../../../arm-none-eabi/lib/thumb/gba_crt0.o
                0x0000000002000000                _start
                0x00000000020000c4                __boot_method
                0x00000000020000c5                __slave_number
                0x00000000020000e0                start_vector
                0x0000000002000210                . = ALIGN (0x4)

.init           0x0000000002000210        0xc
 *(SORT_NONE(.init))
 .init          0x0000000002000210        0x4 /opt/devkitpro/devkitARM/bin/../lib/gcc/arm-none-eabi/8.2.0/thumb/crti.o
                0x0000000002000210                _init
 .init          0x0000000002000214        0x8 /opt/devkitpro/devkitARM/bin/../lib/gcc/arm-none-eabi/8.2.0/thumb/crtn.o

.plt            0x000000000200021c        0x0
 *(.plt)
                0x000000000200021c                . = ALIGN (0x4)

.text           0x000000000200021c      0x4c4
 *(EXCLUDE_FILE(*.iwram*) .text)
 .text          0x000000000200021c      0x150 /opt/devkitpro/devkitARM/bin/../lib/gcc/arm-none-eabi/8.2.0/thumb/libgcc.a(_divsi3.o)
                0x000000000200021c                __aeabi_idiv
                0x000000000200021c                __divsi3
                0x000000000200034c                __aeabi_idivmod
 .text          0x000000000200036c        0x4 /opt/devkitpro/devkitARM/bin/../lib/gcc/arm-none-eabi/8.2.0/thumb/libgcc.a(_dvmd_tls.o)
                0x000000000200036c                __aeabi_ldiv0
                0x000000000200036c                __aeabi_idiv0
 *(.text .stub .text.* .gnu.linkonce.t.*)
 .text.deregister_tm_clones
                0x0000000002000370       0x2c /opt/devkitpro/devkitARM/bin/../lib/gcc/arm-none-eabi/8.2.0/thumb/crtbegin.o
 .text.register_tm_clones
                0x000000000200039c       0x34 /opt/devkitpro/devkitARM/bin/../lib/gcc/arm-none-eabi/8.2.0/thumb/crtbegin.o
 .text.__do_global_dtors_aux
                0x00000000020003d0       0x30 /opt/devkitpro/devkitARM/bin/../lib/gcc/arm-none-eabi/8.2.0/thumb/crtbegin.o
 .text.frame_dummy
                0x0000000002000400       0x28 /opt/devkitpro/devkitARM/bin/../lib/gcc/arm-none-eabi/8.2.0/thumb/crtbegin.o
 .text.startup  0x0000000002000428      0x1b4 main.o
                0x0000000002000428                main
 .text.__libc_init_array
                0x00000000020005dc       0x50 /opt/devkitpro/devkitARM/bin/../lib/gcc/arm-none-eabi/8.2.0/../../../../arm-none-eabi/lib/thumb/libg.a(lib_a-init.o)
                0x00000000020005dc                __libc_init_array
 .text.memcpy   0x000000000200062c       0x9c /opt/devkitpro/devkitARM/bin/../lib/gcc/arm-none-eabi/8.2.0/../../../../arm-none-eabi/lib/thumb/libg.a(lib_a-memcpy-stub.o)
                0x000000000200062c                memcpy
 .text.memcpy.__stub
                0x00000000020006c8       0x14 linker stubs
 *(.text.*personality*)
 *(.gnu.warning)
 *(.glue_7t)
 .glue_7t       0x00000000020006e0        0x0 linker stubs
 *(.glue_7)
 .glue_7        0x00000000020006e0        0x0 linker stubs
 *(.vfp11_veneer)
 .vfp11_veneer  0x00000000020006e0        0x0 linker stubs
                0x00000000020006e0                . = ALIGN (0x4)
                0x00000000020006e0                __text_end = .

.v4_bx          0x00000000020006e0        0x0
 .v4_bx         0x00000000020006e0        0x0 linker stubs

.iplt           0x00000000020006e0        0x0
 .iplt          0x00000000020006e0        0x0 /opt/devkitpro/devkitARM/bin/../lib/gcc/arm-none-eabi/8.2.0/../../../../arm-none-eabi/lib/thumb/gba_crt0.o

.fini           0x00000000020006e0        0xc
 *(.fini)
 .fini          0x00000000020006e0        0x4 /opt/devkitpro/devkitARM/bin/../lib/gcc/arm-none-eabi/8.2.0/thumb/crti.o
                0x00000000020006e0                _fini
 .fini          0x00000000020006e4        0x8 /opt/devkitpro/devkitARM/bin/../lib/gcc/arm-none-eabi/8.2.0/thumb/crtn.o
                0x00000000020006ec                . = ALIGN (0x4)

.rodata         0x00000000020006ec     0x1200
 *(.rodata)
 .rodata        0x00000000020006ec     0x1200 charsprites.o
                0x00000000020006ec                charspritesPal
                0x00000000020008ec                charspritesTiles
 *all.rodata*(*)
 *(.roda)
 *(.rodata.*)
 *(.gnu.linkonce.r*)
                0x00000000020018ec                . = ALIGN (0x4)

.ARM.extab
 *(.ARM.extab* .gnu.linkonce.armextab.*)
                0x00000000020018ec                __exidx_start = .

.ARM.exidx
 *(.ARM.exidx* .gnu.linkonce.armexidx.*)
                0x00000000020018ec                __exidx_end = .
                0x00000000020018ec                . = ALIGN (0x4)
                0x00000000020018ec                PROVIDE (__preinit_array_start = .)

.preinit_array
 *(.preinit_array)
                0x00000000020018ec                PROVIDE (__preinit_array_end = .)
                0x00000000020018ec                PROVIDE (__init_array_start = .)

.init_array     0x00000000020018ec        0x4
 *(.init_array)
 .init_array    0x00000000020018ec        0x4 /opt/devkitpro/devkitARM/bin/../lib/gcc/arm-none-eabi/8.2.0/thumb/crtbegin.o
                0x00000000020018f0                PROVIDE (__init_array_end = .)
                [!provide]                        PROVIDE (__fini_array_start = .)

.fini_array     0x00000000020018f0        0x4
 *(.fini_array)
 .fini_array    0x00000000020018f0        0x4 /opt/devkitpro/devkitARM/bin/../lib/gcc/arm-none-eabi/8.2.0/thumb/crtbegin.o
                [!provide]                        PROVIDE (__fini_array_end = .)

.ctors          0x00000000020018f4        0x0
 *crtbegin.o(.ctors)
 *(EXCLUDE_FILE(*crtend.o) .ctors)
 *(SORT_BY_NAME(.ctors.*))
 *(.ctors)
                0x00000000020018f4                . = ALIGN (0x4)

.dtors          0x00000000020018f4        0x0
 *crtbegin.o(.dtors)
 *(EXCLUDE_FILE(*crtend.o) .dtors)
 *(SORT_BY_NAME(.dtors.*))
 *(.dtors)
                0x00000000020018f4                . = ALIGN (0x4)

.jcr
 *(.jcr)

.eh_frame       0x00000000020018f4        0x4
 *(.eh_frame)
 .eh_frame      0x00000000020018f4        0x0 /opt/devkitpro/devkitARM/bin/../lib/gcc/arm-none-eabi/8.2.0/thumb/crtbegin.o
 .eh_frame      0x00000000020018f4        0x4 /opt/devkitpro/devkitARM/bin/../lib/gcc/arm-none-eabi/8.2.0/thumb/crtend.o
                0x00000000020018f8                . = ALIGN (0x4)

.rel.dyn        0x00000000020018f8        0x0
 .rel.iplt      0x00000000020018f8        0x0 /opt/devkitpro/devkitARM/bin/../lib/gcc/arm-none-eabi/8.2.0/../../../../arm-none-eabi/lib/thumb/gba_crt0.o

.gcc_except_table
                0x00000000020018f8        0x0
 *(.gcc_except_table)
                0x00000000020018f8                . = ALIGN (0x4)
                0x00000000020018f8                __iwram_lma = .

.iwram          0x0000000003000000        0x0 load address 0x00000000020018f8
                0x0000000003000000                __iwram_start__ = ABSOLUTE (.)
 *(.iwram)
 *iwram.*(.text)
                0x0000000003000000                . = ALIGN (0x4)
                0x0000000003000000                __iwram_end__ = ABSOLUTE (.)
                0x00000000020018f8                __data_lma = (__iwram_lma + SIZEOF (.iwram))

.bss            0x0000000003000000      0x420
                0x0000000003000000                __bss_start__ = ABSOLUTE (.)
 *(.dynbss)
 *(.gnu.linkonce.b*)
 *(.bss*)
 .bss.completed.9039
                0x0000000003000000        0x1 /opt/devkitpro/devkitARM/bin/../lib/gcc/arm-none-eabi/8.2.0/thumb/crtbegin.o
 *fill*         0x0000000003000001        0x3 
 .bss.object.9044
                0x0000000003000004       0x18 /opt/devkitpro/devkitARM/bin/../lib/gcc/arm-none-eabi/8.2.0/thumb/crtbegin.o
 .bss.fake_heap_end
                0x000000000300001c        0x4 /opt/devkitpro/devkitARM/bin/../lib/gcc/arm-none-eabi/8.2.0/../../../../arm-none-eabi/lib/thumb/libsysbase.a(malloc_vars.o)
                0x000000000300001c                fake_heap_end
 *(COMMON)
 COMMON         0x0000000003000020      0x400 main.o
                0x0000000003000020                oam_object_backbuffer
                0x0000000003000420                . = ALIGN (0x4)
                0x0000000003000420                __bss_end__ = ABSOLUTE (.)

.data           0x0000000003000420        0x4 load address 0x00000000020018f8
                0x0000000003000420                __data_start__ = ABSOLUTE (.)
 *(.data)
 .data          0x0000000003000420        0x4 main.o
                0x0000000003000420                input_cur
                0x0000000003000422                input_prev
 *(.data.*)
 *(.gnu.linkonce.d*)
                0x0000000003000424                . = ALIGN (0x4)
                0x0000000003000424                __data_end__ = ABSOLUTE (.)
                0x00000000020018fc                __iwram_overlay_lma = (__data_lma + SIZEOF (.data))
                [!provide]                        PROVIDE (edata = .)
                0x0000000003000424                __iwram_overlay_start = .

.igot.plt       0x0000000003000424        0x0 load address 0x00000000020018fc
 .igot.plt      0x0000000003000424        0x0 /opt/devkitpro/devkitARM/bin/../lib/gcc/arm-none-eabi/8.2.0/../../../../arm-none-eabi/lib/thumb/gba_crt0.o

.tm_clone_table
                0x0000000003000424        0x0 load address 0x00000000020018fc
 .tm_clone_table
                0x0000000003000424        0x0 /opt/devkitpro/devkitARM/bin/../lib/gcc/arm-none-eabi/8.2.0/thumb/crtbegin.o
 .tm_clone_table
                0x0000000003000424        0x0 /opt/devkitpro/devkitARM/bin/../lib/gcc/arm-none-eabi/8.2.0/thumb/crtend.o

.iwram0         0x0000000003000424        0x0 load address 0x00000000020018fc
 *(.iwram0)
                0x0000000003000424                . = ALIGN (0x4)
                0x00000000020018fc                PROVIDE (__load_start_iwram0 = LOADADDR (.iwram0))
                0x00000000020018fc                PROVIDE (__load_stop_iwram0 = (LOADADDR (.iwram0) + SIZEOF (.iwram0)))

.iwram1         0x0000000003000424        0x0
 *(.iwram1)
                0x0000000003000424                . = ALIGN (0x4)
                [!provide]                        PROVIDE (__load_start_iwram1 = LOADADDR (.iwram1))
                [!provide]                        PROVIDE (__load_stop_iwram1 = (LOADADDR (.iwram1) + SIZEOF (.iwram1)))

.iwram2         0x0000000003000424        0x0
 *(.iwram2)
                0x0000000003000424                . = ALIGN (0x4)
                [!provide]                        PROVIDE (__load_start_iwram2 = LOADADDR (.iwram2))
                [!provide]                        PROVIDE (__load_stop_iwram2 = (LOADADDR (.iwram2) + SIZEOF (.iwram2)))

.iwram3         0x0000000003000424        0x0
 *(.iwram3)
                0x0000000003000424                . = ALIGN (0x4)
                [!provide]                        PROVIDE (__load_start_iwram3 = LOADADDR (.iwram3))
                [!provide]                        PROVIDE (__load_stop_iwram3 = (LOADADDR (.iwram3) + SIZEOF (.iwram3)))

.iwram4         0x0000000003000424        0x0
 *(.iwram4)
                0x0000000003000424                . = ALIGN (0x4)
                [!provide]                        PROVIDE (__load_start_iwram4 = LOADADDR (.iwram4))
                [!provide]                        PROVIDE (__load_stop_iwram4 = (LOADADDR (.iwram4) + SIZEOF (.iwram4)))

.iwram5         0x0000000003000424        0x0
 *(.iwram5)
                0x0000000003000424                . = ALIGN (0x4)
                [!provide]                        PROVIDE (__load_start_iwram5 = LOADADDR (.iwram5))
                [!provide]                        PROVIDE (__load_stop_iwram5 = (LOADADDR (.iwram5) + SIZEOF (.iwram5)))

.iwram6         0x0000000003000424        0x0
 *(.iwram6)
                0x0000000003000424                . = ALIGN (0x4)
                [!provide]                        PROVIDE (__load_start_iwram6 = LOADADDR (.iwram6))
                [!provide]                        PROVIDE (__load_stop_iwram6 = (LOADADDR (.iwram6) + SIZEOF (.iwram6)))

.iwram7         0x0000000003000424        0x0
 *(.iwram7)
                0x0000000003000424                . = ALIGN (0x4)
                [!provide]                        PROVIDE (__load_start_iwram7 = LOADADDR (.iwram7))
                [!provide]                        PROVIDE (__load_stop_iwram7 = (LOADADDR (.iwram7) + SIZEOF (.iwram7)))

.iwram8         0x0000000003000424        0x0
 *(.iwram8)
                0x0000000003000424                . = ALIGN (0x4)
                [!provide]                        PROVIDE (__load_start_iwram8 = LOADADDR (.iwram8))
                [!provide]                        PROVIDE (__load_stop_iwram8 = (LOADADDR (.iwram8) + SIZEOF (.iwram8)))

.iwram9         0x0000000003000424        0x0
 *(.iwram9)
                0x0000000003000424                . = ALIGN (0x4)
                [!provide]                        PROVIDE (__load_start_iwram9 = LOADADDR (.iwram9))
                [!provide]                        PROVIDE (__load_stop_iwram9 = (LOADADDR (.iwram9) + SIZEOF (.iwram9)))
                0x00000000020018fc                __ewram_lma = ((((((((((LOADADDR (.iwram0) + SIZEOF (.iwram0)) + SIZEOF (.iwram1)) + SIZEOF (.iwram2)) + SIZEOF (.iwram3)) + SIZEOF (.iwram4)) + SIZEOF (.iwram5)) + SIZEOF (.iwram6)) + SIZEOF (.iwram7)) + SIZEOF (.iwram8)) + SIZEOF (.iwram9))
                0x00000000020018fc                __iwram_overlay_end = __ewram_lma
                0x00000000020018fc                __ewram_start = __ewram_lma

.ewram          0x00000000020018fc        0x0
 *(.ewram)
                0x00000000020018fc                . = ALIGN (0x4)
                0x00000000020018fc                __ewram_end = ABSOLUTE (.)
                0x00000000020018fc                __ewram_overlay_lma = (__ewram_lma + SIZEOF (.ewram))

.sbss           0x00000000020018fc        0x0
                0x00000000020018fc                __sbss_start__ = ABSOLUTE (.)
 *(.sbss)
                0x00000000020018fc                . = ALIGN (0x4)
                0x00000000020018fc                __sbss_end__ = ABSOLUTE (.)
                0x00000000020018fc                __end__ = ABSOLUTE (.)
                0x00000000020018fc                __eheap_start = ABSOLUTE (.)

.ewram0         0x00000000020018fc        0x0
 *(.ewram0)
                0x00000000020018fc                . = ALIGN (0x4)
                [!provide]                        PROVIDE (__load_start_ewram0 = LOADADDR (.ewram0))
                [!provide]                        PROVIDE (__load_stop_ewram0 = (LOADADDR (.ewram0) + SIZEOF (.ewram0)))

.ewram1         0x00000000020018fc        0x0
 *(.ewram1)
                0x00000000020018fc                . = ALIGN (0x4)
                [!provide]                        PROVIDE (__load_start_ewram1 = LOADADDR (.ewram1))
                [!provide]                        PROVIDE (__load_stop_ewram1 = (LOADADDR (.ewram1) + SIZEOF (.ewram1)))

.ewram2         0x00000000020018fc        0x0
 *(.ewram2)
                0x00000000020018fc                . = ALIGN (0x4)
                [!provide]                        PROVIDE (__load_start_ewram2 = LOADADDR (.ewram2))
                [!provide]                        PROVIDE (__load_stop_ewram2 = (LOADADDR (.ewram2) + SIZEOF (.ewram2)))

.ewram3         0x00000000020018fc        0x0
 *(.ewram3)
                0x00000000020018fc                . = ALIGN (0x4)
                [!provide]                        PROVIDE (__load_start_ewram3 = LOADADDR (.ewram3))
                [!provide]                        PROVIDE (__load_stop_ewram3 = (LOADADDR (.ewram3) + SIZEOF (.ewram3)))

.ewram4         0x00000000020018fc        0x0
 *(.ewram4)
                0x00000000020018fc                . = ALIGN (0x4)
                [!provide]                        PROVIDE (__load_start_ewram4 = LOADADDR (.ewram4))
                [!provide]                        PROVIDE (__load_stop_ewram4 = (LOADADDR (.ewram4) + SIZEOF (.ewram4)))

.ewram5         0x00000000020018fc        0x0
 *(.ewram5)
                0x00000000020018fc                . = ALIGN (0x4)
                [!provide]                        PROVIDE (__load_start_ewram5 = LOADADDR (.ewram5))
                [!provide]                        PROVIDE (__load_stop_ewram5 = (LOADADDR (.ewram5) + SIZEOF (.ewram5)))

.ewram6         0x00000000020018fc        0x0
 *(.ewram6)
                0x00000000020018fc                . = ALIGN (0x4)
                [!provide]                        PROVIDE (__load_start_ewram6 = LOADADDR (.ewram6))
                [!provide]                        PROVIDE (__load_stop_ewram6 = (LOADADDR (.ewram6) + SIZEOF (.ewram6)))

.ewram7         0x00000000020018fc        0x0
 *(.ewram7)
                0x00000000020018fc                . = ALIGN (0x4)
                [!provide]                        PROVIDE (__load_start_ewram7 = LOADADDR (.ewram7))
                [!provide]                        PROVIDE (__load_stop_ewram7 = (LOADADDR (.ewram7) + SIZEOF (.ewram7)))

.ewram8         0x00000000020018fc        0x0
 *(.ewram8)
                0x00000000020018fc                . = ALIGN (0x4)
                [!provide]                        PROVIDE (__load_start_ewram8 = LOADADDR (.ewram8))
                [!provide]                        PROVIDE (__load_stop_ewram8 = (LOADADDR (.ewram8) + SIZEOF (.ewram8)))

.ewram9         0x00000000020018fc        0x0
 *(.ewram9)
                0x00000000020018fc                . = ALIGN (0x4)
                [!provide]                        PROVIDE (__load_start_ewram9 = LOADADDR (.ewram9))
                [!provide]                        PROVIDE (__load_stop_ewram9 = (LOADADDR (.ewram9) + SIZEOF (.ewram9)))
                0x00000000020018fc                __ewram_overlay_end = ABSOLUTE (.)
                0x00000000020018fc                __eheap_start = __ewram_overlay_end
                0x00000000020018fc                _end = __ewram_overlay_end
                0x00000000020018fc                __end__ = __ewram_overlay_end
                0x00000000020018fc                __rom_end__ = __ewram_overlay_end

.stab
 *(.stab)

.stabstr
 *(.stabstr)

.stab.excl
 *(.stab.excl)

.stab.exclstr
 *(.stab.exclstr)

.stab.index
 *(.stab.index)

.stab.indexstr
 *(.stab.indexstr)

.comment        0x0000000000000000       0x22
 *(.comment)
 .comment       0x0000000000000000       0x22 /opt/devkitpro/devkitARM/bin/../lib/gcc/arm-none-eabi/8.2.0/thumb/crtbegin.o
                                         0x23 (size before relaxing)
 .comment       0x0000000000000022       0x23 charsprites.o
 .comment       0x0000000000000022       0x23 main.o
 .comment       0x0000000000000022       0x23 /opt/devkitpro/devkitARM/bin/../lib/gcc/arm-none-eabi/8.2.0/../../../../arm-none-eabi/lib/thumb/libg.a(lib_a-init.o)
 .comment       0x0000000000000022       0x23 /opt/devkitpro/devkitARM/bin/../lib/gcc/arm-none-eabi/8.2.0/../../../../arm-none-eabi/lib/thumb/libg.a(lib_a-memcpy-stub.o)
 .comment       0x0000000000000022       0x23 /opt/devkitpro/devkitARM/bin/../lib/gcc/arm-none-eabi/8.2.0/../../../../arm-none-eabi/lib/thumb/libsysbase.a(malloc_vars.o)
 .comment       0x0000000000000022       0x23 /opt/devkitpro/devkitARM/bin/../lib/gcc/arm-none-eabi/8.2.0/thumb/crtend.o

.ARM.attributes
                0x0000000000000000       0x2c
 .ARM.attributes
                0x0000000000000000       0x20 /opt/devkitpro/devkitARM/bin/../lib/gcc/arm-none-eabi/8.2.0/../../../../arm-none-eabi/lib/thumb/gba_crt0.o
 .ARM.attributes
                0x0000000000000020       0x1c /opt/devkitpro/devkitARM/bin/../lib/gcc/arm-none-eabi/8.2.0/thumb/crti.o
 .ARM.attributes
                0x000000000000003c       0x2a /opt/devkitpro/devkitARM/bin/../lib/gcc/arm-none-eabi/8.2.0/thumb/crtbegin.o
 .ARM.attributes
                0x0000000000000066       0x2c charsprites.o
 .ARM.attributes
                0x0000000000000092       0x26 main.o
 .ARM.attributes
                0x00000000000000b8       0x1c /opt/devkitpro/devkitARM/bin/../lib/gcc/arm-none-eabi/8.2.0/thumb/libgcc.a(_divsi3.o)
 .ARM.attributes
                0x00000000000000d4       0x1c /opt/devkitpro/devkitARM/bin/../lib/gcc/arm-none-eabi/8.2.0/thumb/libgcc.a(_dvmd_tls.o)
 .ARM.attributes
                0x00000000000000f0       0x2a /opt/devkitpro/devkitARM/bin/../lib/gcc/arm-none-eabi/8.2.0/../../../../arm-none-eabi/lib/thumb/libg.a(lib_a-init.o)
 .ARM.attributes
                0x000000000000011a       0x2a /opt/devkitpro/devkitARM/bin/../lib/gcc/arm-none-eabi/8.2.0/../../../../arm-none-eabi/lib/thumb/libg.a(lib_a-memcpy-stub.o)
 .ARM.attributes
                0x0000000000000144       0x30 /opt/devkitpro/devkitARM/bin/../lib/gcc/arm-none-eabi/8.2.0/../../../../arm-none-eabi/lib/thumb/libsysbase.a(malloc_vars.o)
 .ARM.attributes
                0x0000000000000174       0x30 /opt/devkitpro/devkitARM/bin/../lib/gcc/arm-none-eabi/8.2.0/thumb/crtend.o
 .ARM.attributes
                0x00000000000001a4       0x1c /opt/devkitpro/devkitARM/bin/../lib/gcc/arm-none-eabi/8.2.0/thumb/crtn.o

.debug
 *(.debug)

.line
 *(.line)

.debug_srcinfo
 *(.debug_srcinfo)

.debug_sfnames
 *(.debug_sfnames)

.debug_aranges  0x0000000000000000       0x40
 *(.debug_aranges)
 .debug_aranges
                0x0000000000000000       0x18 charsprites.o
 .debug_aranges
                0x0000000000000018       0x28 main.o

.debug_pubnames
 *(.debug_pubnames)

.debug_info     0x0000000000000000      0xf7a
 *(.debug_info)
 .debug_info    0x0000000000000000       0x7b charsprites.o
 .debug_info    0x000000000000007b      0xeff main.o

.debug_abbrev   0x0000000000000000      0x418
 *(.debug_abbrev)
 .debug_abbrev  0x0000000000000000       0x53 charsprites.o
 .debug_abbrev  0x0000000000000053      0x3c5 main.o

.debug_line     0x0000000000000000      0x6a9
 *(.debug_line)
 .debug_line    0x0000000000000000       0x5e charsprites.o
 .debug_line    0x000000000000005e      0x64b main.o

.debug_frame    0x0000000000000000       0xb4
 *(.debug_frame)
 .debug_frame   0x0000000000000000       0xb4 main.o

.debug_str      0x0000000000000000      0x73a
 *(.debug_str)
 .debug_str     0x0000000000000000      0x10c charsprites.o
                                        0x119 (size before relaxing)
 .debug_str     0x000000000000010c      0x62e main.o
                                        0x776 (size before relaxing)

.debug_loc      0x0000000000000000      0xb57
 *(.debug_loc)
 .debug_loc     0x0000000000000000      0xb57 main.o

.debug_macinfo
 *(.debug_macinfo)

.debug_weaknames
 *(.debug_weaknames)

.debug_funcnames
 *(.debug_funcnames)

.debug_typenames
 *(.debug_typenames)

.debug_varnames
 *(.debug_varnames)

.stack          0x0000000000080000        0x0
                0x0000000000080000                _stack = .
 *(.stack)
LOAD /opt/devkitpro/devkitARM/bin/../lib/gcc/arm-none-eabi/8.2.0/../../../../arm-none-eabi/lib/thumb/gba_crt0.o
LOAD /opt/devkitpro/devkitARM/bin/../lib/gcc/arm-none-eabi/8.2.0/thumb/crti.o
LOAD /opt/devkitpro/devkitARM/bin/../lib/gcc/arm-none-eabi/8.2.0/thumb/crtbegin.o
LOAD charsprites.o
LOAD main.o
LOAD /opt/devkitpro/libgba/lib/libgba.a
START GROUP
LOAD /opt/devkitpro/devkitARM/bin/../lib/gcc/arm-none-eabi/8.2.0/thumb/libgcc.a
LOAD /opt/devkitpro/devkitARM/bin/../lib/gcc/arm-none-eabi/8.2.0/../../../../arm-none-eabi/lib/thumb/libg.a
LOAD /opt/devkitpro/devkitARM/bin/../lib/gcc/arm-none-eabi/8.2.0/../../../../arm-none-eabi/lib/thumb/libc.a
LOAD /opt/devkitpro/devkitARM/bin/../lib/gcc/arm-none-eabi/8.2.0/../../../../arm-none-eabi/lib/thumb/libsysbase.a
END GROUP
LOAD /opt/devkitpro/devkitARM/bin/../lib/gcc/arm-none-eabi/8.2.0/thumb/crtend.o
LOAD /opt/devkitpro/devkitARM/bin/../lib/gcc/arm-none-eabi/8.2.0/thumb/crtn.o
OUTPUT(/Users/byrongarcia/Desktop/SpriteAnimation/SpriteAnimation_mb.elf elf32-littlearm)

.debug_ranges   0x0000000000000000      0x140
 .debug_ranges  0x0000000000000000      0x140 main.o
